---
source: tui/src/chatwidget/tests/account_pools_tests.rs
expression: normalized_backend_snapshot(terminal.backend())
---
"                                                                                "
"                                                                                "
"› Ask Codex to do anything                                                      "
"                                                                                "
"  gpt-5.4 xhigh fast · /tmp/project · feature/account-footer · 50% 6d21h · a@ex…"
