---
source: tui/src/chatwidget/tests/account_pools_tests.rs
expression: lines_to_single_string(&history)
---
Accounts (1)

Default for new sessions: current login

 Alias     Email            Plan    Weekly left    Reset in    Available resets
━━━━━━━━  ━━━━━━━━━━━━━━━  ━━━━━━  ━━━━━━━━━━━━━  ━━━━━━━━━━  ━━━━━━━━━━━━━━━━━━
 work-b    b@example.com    pro     40%            7d 0h       2

Refresh with /accounts for current usage and banked resets.

work-b · Workspace ID: workspace-b

Pools: work · Checked: 2027-01-15 08:00 UTC

• Account work-a: waiting because short-window quota is exhausted. Next check: 2027-01-15T08:01:00+00:00. Cancel to stop monitoring.

• Account switched from work-a to work-b; continuing with the same model
